crate/cratesio/-/aho-corasick/1.1.3
crate/cratesio/-/aliasable/0.1.3
